Microchip MPLAB XC8 Compiler V2.32

Linker command line:

-W-3 --edf=C:\Program Files\Microchip\xc8\v2.32\pic\dat\en_msgs.txt -cn \
  -h+dist/default/production\Fox_Hunt_Controller.X.production.sym \
  --cmf=dist/default/production\Fox_Hunt_Controller.X.production.cmf -z \
  -Q18F27K42 -oC:\Users\willi\AppData\Local\Temp\xcAshuk.4 \
  --defsym=__MPLAB_BUILD=1 \
  -Mdist/default/production/Fox_Hunt_Controller.X.production.map -E1 \
  -ver=XC8 Compiler --acfsm=1493 -ASTACK=06Ah-01FFFh -pstack=STACK \
  -ACODE=00h-01FFFFh -ACONST=00h-01FFFFh -ASMALLCONST=02000h-020FFhx480 \
  -AMEDIUMCONST=02000h-0FFFFh,012000h-01FFFFh -ACOMRAM=01h-05Fh \
  -AABS1=00h-01FFFh -ABIGRAM=01h-01FFFh -ARAM=060h-0FFh,0100h-01FFhx31 \
  -ABANK0=060h-0FFh -ABANK1=0100h-01FFh -ABANK2=0200h-02FFh \
  -ABANK3=0300h-03FFh -ABANK4=0400h-04FFh -ABANK5=0500h-05FFh \
  -ABANK6=0600h-06FFh -ABANK7=0700h-07FFh -ABANK8=0800h-08FFh \
  -ABANK9=0900h-09FFh -ABANK10=0A00h-0AFFh -ABANK11=0B00h-0BFFh \
  -ABANK12=0C00h-0CFFh -ABANK13=0D00h-0DFFh -ABANK14=0E00h-0EFFh \
  -ABANK15=0F00h-0FFFh -ABANK16=01000h-010FFh -ABANK17=01100h-011FFh \
  -ABANK18=01200h-012FFh -ABANK19=01300h-013FFh -ABANK20=01400h-014FFh \
  -ABANK21=01500h-015FFh -ABANK22=01600h-016FFh -ABANK23=01700h-017FFh \
  -ABANK24=01800h-018FFh -ABANK25=01900h-019FFh -ABANK26=01A00h-01AFFh \
  -ABANK27=01B00h-01BFFh -ABANK28=01C00h-01CFFh -ABANK29=01D00h-01DFFh \
  -ABANK30=01E00h-01EFFh -ABANK31=01F00h-01FFFh \
  -ASFR=03800h-038FFhx7,03F00h-03F5Fh,03F60h-03FFFh \
  -ACONFIG=0300000h-0300009h -AIDLOC=0200000h-020000Fh \
  -AEEDATA=0310000h-03103FFh -peeprom_data=EEDATA -preset_vec=00h \
  -ppowerup=CODE,init -pramtop=02000h -psmallconst=SMALLCONST \
  -pmediumconst=MEDIUMCONST -pconst=CONST -AFARRAM=00h-00h \
  -prdata=COMRAM,nvrram=COMRAM,nvbit=COMRAM,rbss=COMRAM,rbit=COMRAM \
  -pfarbss=FARRAM,fardata=FARRAM,nvFARRAM=FARRAM \
  -pintsave_regs=BIGRAM,bigbss=BIGRAM,bigdata=BIGRAM -pbss=RAM \
  -pidata=CODE,irdata=CODE,ibigdata=CODE,ifardata=CODE -prparam=COMRAM \
  C:\Users\willi\AppData\Local\Temp\xcAshuk.o \
  dist/default/production\Fox_Hunt_Controller.X.production.o 

Object code version is 3.11

Machine type is 18F27K42



                Name                               Link     Load   Length Selector   Space Scale
C:\Users\willi\AppData\Local\Temp\xcAshuk.o
                idloc                            200000   200000       10        0       5
                config                           300000   300000        A        0       4
                init                              1FFFC    1FFFC        4     FFFE       0
                reset_vec                             0        0        4        0       0
dist/default/production\Fox_Hunt_Controller.X.production.o
                idloc                            200000   200000       10        0       5
                config                           300000   300000        A        0       4
                smallconst                         2000     2000       12     1000       0
                text16                             39C4     39C4       12     1009       0
                text15                             397A     397A       2E     1009       0
                text14                             39E4     39E4        E     1009       0
                text13                             39D6     39D6        E     1009       0
                text12                             2012     2012      75A     1009       0
                text11                             38E0     38E0       54     1009       0
                text10                             39A8     39A8       1C     1009       0
                text9                              39F2     39F2        C     1009       0
                text8                              3A08     3A08        8     1009       0
                text7                              3934     3934       46     1009       0
                text6                              276C     276C      4C0     1009       0
                text5                              307A     307A      39A     1009       0
                text4                              2C2C     2C2C      44E     1009       0
                text3                              374A     374A      106     1009       0
                text2                              3414     3414      1B4     1009       0
                text1                              35C8     35C8      182     1009       0
                text0                              3850     3850       90     1009       0
                cstackCOMRAM                          1        1       56        1       1
                cstackBANK0                          60       60        A       60       1
                bssCOMRAM                            57       57        2        1       1
                cinit                              39FE     39FE        A     1009       0

TOTAL           Name                               Link     Load   Length     Space
        CLASS   STACK          

        CLASS   CODE           
                init                              1FFFC    1FFFC        4         0
                reset_vec                             0        0        4         0
                text16                             39C4     39C4       12         0
                text15                             397A     397A       2E         0
                text14                             39E4     39E4        E         0
                text13                             39D6     39D6        E         0
                text12                             2012     2012      75A         0
                text11                             38E0     38E0       54         0
                text10                             39A8     39A8       1C         0
                text9                              39F2     39F2        C         0
                text8                              3A08     3A08        8         0
                text7                              3934     3934       46         0
                text6                              276C     276C      4C0         0
                text5                              307A     307A      39A         0
                text4                              2C2C     2C2C      44E         0
                text3                              374A     374A      106         0
                text2                              3414     3414      1B4         0
                text1                              35C8     35C8      182         0
                text0                              3850     3850       90         0
                cinit                              39FE     39FE        A         0

        CLASS   CONST          

        CLASS   SMALLCONST     
                smallconst                         2000     2000       12         0

        CLASS   MEDIUMCONST    

        CLASS   COMRAM         
                cstackCOMRAM                          1        1       56         1
                bssCOMRAM                            57       57        2         1

        CLASS   ABS1           

        CLASS   BIGRAM         

        CLASS   RAM            

        CLASS   BANK0          
                cstackBANK0                          60       60        A         1

        CLASS   BANK1          

        CLASS   BANK2          

        CLASS   BANK3          

        CLASS   BANK4          

        CLASS   BANK5          

        CLASS   BANK6          

        CLASS   BANK7          

        CLASS   BANK8          

        CLASS   BANK9          

        CLASS   BANK10         

        CLASS   BANK11         

        CLASS   BANK12         

        CLASS   BANK13         

        CLASS   BANK14         

        CLASS   BANK15         

        CLASS   BANK16         

        CLASS   BANK17         

        CLASS   BANK18         

        CLASS   BANK19         

        CLASS   BANK20         

        CLASS   BANK21         

        CLASS   BANK22         

        CLASS   BANK23         

        CLASS   BANK24         

        CLASS   BANK25         

        CLASS   BANK26         

        CLASS   BANK27         

        CLASS   BANK28         

        CLASS   BANK29         

        CLASS   BANK30         

        CLASS   BANK31         

        CLASS   SFR            

        CLASS   CONFIG         
                config                           300000   300000        A         4

        CLASS   IDLOC          
                idloc                            200000   200000       10         5

        CLASS   EEDATA         

        CLASS   FARRAM         



SEGMENTS        Name                           Load    Length   Top    Selector   Space  Class

                reset_vec                      000000  000004  000004         0       0  CODE    
                cstackCOMRAM                   000001  000058  000059         1       1  COMRAM  
                cstackBANK0                    000060  00000A  00006A        60       1  BANK0   
                smallconst                     002000  000012  002012      1000       0  SMALLCON
                text12                         002012  0019FE  003A10      1009       0  CODE    
                init                           01FFFC  000004  020000      FFFE       0  CODE    


UNUSED ADDRESS RANGES

        Name                Unused          Largest block    Delta
        BANK0            00006A-0000FF               96
        BANK1            000100-0001FF              100
        BANK10           000A00-000AFF              100
        BANK11           000B00-000BFF              100
        BANK12           000C00-000CFF              100
        BANK13           000D00-000DFF              100
        BANK14           000E00-000EFF              100
        BANK15           000F00-000FFF              100
        BANK16           001000-0010FF              100
        BANK17           001100-0011FF              100
        BANK18           001200-0012FF              100
        BANK19           001300-0013FF              100
        BANK2            000200-0002FF              100
        BANK20           001400-0014FF              100
        BANK21           001500-0015FF              100
        BANK22           001600-0016FF              100
        BANK23           001700-0017FF              100
        BANK24           001800-0018FF              100
        BANK25           001900-0019FF              100
        BANK26           001A00-001AFF              100
        BANK27           001B00-001BFF              100
        BANK28           001C00-001CFF              100
        BANK29           001D00-001DFF              100
        BANK3            000300-0003FF              100
        BANK30           001E00-001EFF              100
        BANK31           001F00-001FFF              100
        BANK4            000400-0004FF              100
        BANK5            000500-0005FF              100
        BANK6            000600-0006FF              100
        BANK7            000700-0007FF              100
        BANK8            000800-0008FF              100
        BANK9            000900-0009FF              100
        BIGRAM           000059-00005F                7
                         00006A-001FFF             1F96
        CODE             000004-001FFF             1FFC
                         003A10-01FFFB            1C5EC
        COMRAM           000059-00005F                7
        CONST            000004-001FFF             1FFC
                         003A10-01FFFB            1C5EC
        EEDATA           310000-3103FF              400
        MEDIUMCONST      003A10-00FFFF             C5F0
                         012000-01FFFB             DFFC
        RAM              00006A-001FFF              100
        SFR              003800-003FFF              100
        SMALLCONST       003A10-01FFFB              100
        STACK            00006A-001FFF             1F96

                                  Symbol Table

?___fladd                              cstackCOMRAM 000033
?___fldiv                              cstackCOMRAM 000001
?___flmul                              cstackCOMRAM 00001A
?___fltol                              cstackCOMRAM 000043
?___xxtofl                             cstackCOMRAM 000001
_ANSELA                                (abs)        003A40
_CPUDOZEbits                           (abs)        0039D8
_MD1CARHbits                           (abs)        003CFE
_MD1CON0bits                           (abs)        003CFA
_MD1CON1bits                           (abs)        003CFB
_MD1SRCbits                            (abs)        003CFC
_PIR4bits                              (abs)        0039A4
_PORTAbits                             (abs)        003FCA
_PWM5CON                               (abs)        003F6E
_PWM5CONbits                           (abs)        003F6E
_PWM5DCHbits                           (abs)        003F6D
_PWM5DCLbits                           (abs)        003F6C
_RC4PPS                                (abs)        003A14
_T2CLKbits                             (abs)        003FAE
_T2CONbits                             (abs)        003FAC
_T2PR                                  (abs)        003FAB
_T4CLKbits                             (abs)        003FA2
_T4CONbits                             (abs)        003FA0
_T4HLTbits                             (abs)        003FA1
_T4PRbits                              (abs)        003F9F
_TRISAbits                             (abs)        003FC2
_TRISCbits                             (abs)        003FC4
__HRAM                                 (abs)        000000
__Habs1                                abs1         000000
__Hbank0                               bank0        000000
__Hbank1                               bank1        000000
__Hbank10                              bank10       000000
__Hbank11                              bank11       000000
__Hbank12                              bank12       000000
__Hbank13                              bank13       000000
__Hbank14                              bank14       000000
__Hbank15                              bank15       000000
__Hbank16                              bank16       000000
__Hbank17                              bank17       000000
__Hbank18                              bank18       000000
__Hbank19                              bank19       000000
__Hbank2                               bank2        000000
__Hbank20                              bank20       000000
__Hbank21                              bank21       000000
__Hbank22                              bank22       000000
__Hbank23                              bank23       000000
__Hbank24                              bank24       000000
__Hbank25                              bank25       000000
__Hbank26                              bank26       000000
__Hbank27                              bank27       000000
__Hbank28                              bank28       000000
__Hbank29                              bank29       000000
__Hbank3                               bank3        000000
__Hbank30                              bank30       000000
__Hbank31                              bank31       000000
__Hbank4                               bank4        000000
__Hbank5                               bank5        000000
__Hbank6                               bank6        000000
__Hbank7                               bank7        000000
__Hbank8                               bank8        000000
__Hbank9                               bank9        000000
__Hbigbss                              bigbss       000000
__Hbigdata                             bigdata      000000
__Hbigram                              bigram       000000
__Hbss                                 bss          000000
__HbssCOMRAM                           bssCOMRAM    000000
__Hcinit                               cinit        000000
__Hclrtext                             clrtext      000000
__Hcomram                              comram       000000
__Hconfig                              config       30000A
__Hconst                               const        000000
__HcstackBANK0                         cstackBANK0  000000
__HcstackCOMRAM                        cstackCOMRAM 000000
__Hdata                                data         000000
__Heeprom_data                         eeprom_data  000000
__Hfarbss                              farbss       000000
__Hfardata                             fardata      000000
__Hibigdata                            ibigdata     000000
__Hidata                               idata        000000
__Hidloc                               idloc        200010
__Hifardata                            ifardata     000000
__Hinit                                init         020000
__Hintsave_regs                        intsave_regs 000000
__Hirdata                              irdata       000000
__Hmediumconst                         mediumconst  000000
__HnvFARRAM                            nvFARRAM     000000
__Hnvbit                               nvbit        000000
__Hnvrram                              nvrram       000000
__Hparam                               rparam       000000
__Hpowerup                             powerup      000000
__Hram                                 ram          000000
__Hramtop                              ramtop       002000
__Hrbit                                rbit         000000
__Hrbss                                rbss         000000
__Hrdata                               rdata        000000
__Hreset_vec                           reset_vec    000004
__Hrparam                              rparam       000000
__Hsfr                                 sfr          000000
__Hsmallconst                          smallconst   002012
__Hspace_0                             (abs)        020000
__Hspace_1                             (abs)        00006A
__Hspace_2                             (abs)        000000
__Hspace_4                             (abs)        60000A
__Hstack                               stack        000000
__Hstruct                              struct       000000
__Htemp                                temp         000000
__Htext                                text         000000
__Htext0                               text0        000000
__Htext1                               text1        000000
__Htext10                              text10       000000
__Htext11                              text11       000000
__Htext12                              text12       000000
__Htext13                              text13       000000
__Htext14                              text14       000000
__Htext15                              text15       000000
__Htext16                              text16       000000
__Htext2                               text2        000000
__Htext3                               text3        000000
__Htext4                               text4        000000
__Htext5                               text5        000000
__Htext6                               text6        000000
__Htext7                               text7        000000
__Htext8                               text8        000000
__Htext9                               text9        000000
__LRAM                                 (abs)        000001
__Labs1                                abs1         000000
__Lbank0                               bank0        000000
__Lbank1                               bank1        000000
__Lbank10                              bank10       000000
__Lbank11                              bank11       000000
__Lbank12                              bank12       000000
__Lbank13                              bank13       000000
__Lbank14                              bank14       000000
__Lbank15                              bank15       000000
__Lbank16                              bank16       000000
__Lbank17                              bank17       000000
__Lbank18                              bank18       000000
__Lbank19                              bank19       000000
__Lbank2                               bank2        000000
__Lbank20                              bank20       000000
__Lbank21                              bank21       000000
__Lbank22                              bank22       000000
__Lbank23                              bank23       000000
__Lbank24                              bank24       000000
__Lbank25                              bank25       000000
__Lbank26                              bank26       000000
__Lbank27                              bank27       000000
__Lbank28                              bank28       000000
__Lbank29                              bank29       000000
__Lbank3                               bank3        000000
__Lbank30                              bank30       000000
__Lbank31                              bank31       000000
__Lbank4                               bank4        000000
__Lbank5                               bank5        000000
__Lbank6                               bank6        000000
__Lbank7                               bank7        000000
__Lbank8                               bank8        000000
__Lbank9                               bank9        000000
__Lbigbss                              bigbss       000000
__Lbigdata                             bigdata      000000
__Lbigram                              bigram       000000
__Lbss                                 bss          000000
__LbssCOMRAM                           bssCOMRAM    000000
__Lcinit                               cinit        000000
__Lclrtext                             clrtext      000000
__Lcomram                              comram       000000
__Lconfig                              config       000000
__Lconst                               const        000000
__LcstackBANK0                         cstackBANK0  000000
__LcstackCOMRAM                        cstackCOMRAM 000000
__Ldata                                data         000000
__Leeprom_data                         eeprom_data  000000
__Lfarbss                              farbss       000000
__Lfardata                             fardata      000000
__Libigdata                            ibigdata     000000
__Lidata                               idata        000000
__Lidloc                               idloc        000000
__Lifardata                            ifardata     000000
__Linit                                init         01FFFC
__Lintsave_regs                        intsave_regs 000000
__Lirdata                              irdata       000000
__Lmediumconst                         mediumconst  000000
__LnvFARRAM                            nvFARRAM     000000
__Lnvbit                               nvbit        000000
__Lnvrram                              nvrram       000000
__Lparam                               rparam       000000
__Lpowerup                             powerup      000000
__Lram                                 ram          000000
__Lramtop                              ramtop       002000
__Lrbit                                rbit         000000
__Lrbss                                rbss         000000
__Lrdata                               rdata        000000
__Lreset_vec                           reset_vec    000000
__Lrparam                              rparam       000000
__Lsfr                                 sfr          000000
__Lsmallconst                          smallconst   002000
__Lspace_0                             (abs)        000000
__Lspace_1                             (abs)        000000
__Lspace_2                             (abs)        000000
__Lspace_4                             (abs)        000000
__Lstack                               stack        000000
__Lstruct                              struct       000000
__Ltemp                                temp         000000
__Ltext                                text         000000
__Ltext0                               text0        000000
__Ltext1                               text1        000000
__Ltext10                              text10       000000
__Ltext11                              text11       000000
__Ltext12                              text12       000000
__Ltext13                              text13       000000
__Ltext14                              text14       000000
__Ltext15                              text15       000000
__Ltext16                              text16       000000
__Ltext2                               text2        000000
__Ltext3                               text3        000000
__Ltext4                               text4        000000
__Ltext5                               text5        000000
__Ltext6                               text6        000000
__Ltext7                               text7        000000
__Ltext8                               text8        000000
__Ltext9                               text9        000000
__S0                                   (abs)        020000
__S1                                   (abs)        00006A
__S2                                   (abs)        000000
__S4                                   (abs)        000000
__S5                                   (abs)        000000
___fladd                               text6        00276C
___fladd@a                             cstackCOMRAM 000037
___fladd@aexp                          cstackCOMRAM 000040
___fladd@b                             cstackCOMRAM 000033
___fladd@bexp                          cstackCOMRAM 000041
___fladd@grs                           cstackCOMRAM 000042
___fladd@signs                         cstackCOMRAM 00003F
___fldiv                               text5        00307A
___fldiv@a                             cstackCOMRAM 000005
___fldiv@aexp                          cstackCOMRAM 000019
___fldiv@b                             cstackCOMRAM 000001
___fldiv@bexp                          cstackCOMRAM 000018
___fldiv@grs                           cstackCOMRAM 000014
___fldiv@new_exp                       cstackCOMRAM 000012
___fldiv@rem                           cstackCOMRAM 00000D
___fldiv@sign                          cstackCOMRAM 000011
___flmul                               text4        002C2C
___flmul@a                             cstackCOMRAM 00001E
___flmul@aexp                          cstackCOMRAM 00002B
___flmul@b                             cstackCOMRAM 00001A
___flmul@bexp                          cstackCOMRAM 00002C
___flmul@grs                           cstackCOMRAM 000027
___flmul@prod                          cstackCOMRAM 00002D
___flmul@sign                          cstackCOMRAM 000026
___flmul@temp                          cstackCOMRAM 000031
___fltol                               text3        00374A
___fltol@exp1                          cstackCOMRAM 00004C
___fltol@f1                            cstackCOMRAM 000043
___fltol@sign1                         cstackCOMRAM 00004B
___inthi_sp                            stack        000000
___intlo_sp                            stack        000000
___param_bank                          (abs)        000000
___rparam_used                         (abs)        000001
___sp                                  stack        000000
___xxtofl                              text2        003414
___xxtofl@arg                          cstackCOMRAM 00000B
___xxtofl@exp                          cstackCOMRAM 00000A
___xxtofl@sign                         cstackCOMRAM 000009
___xxtofl@val                          cstackCOMRAM 000001
__accesstop                            (abs)        000060
__activetblptr                         (abs)        000003
__end_of___fladd                       text6        002C2C
__end_of___fldiv                       text5        003414
__end_of___flmul                       text4        00307A
__end_of___fltol                       text3        003850
__end_of___xxtofl                      text2        0035C8
__end_of__initialization               cinit        003A02
__end_of_cw                            text12       00276C
__end_of_cw_message                    text11       003934
__end_of_dah                           text14       0039F2
__end_of_dahspace                      text15       0039A8
__end_of_deinitialize_cw               text9        0039FE
__end_of_deinitialize_tone_generator   text8        003A10
__end_of_dit                           text13       0039E4
__end_of_ditspace                      text16       0039D6
__end_of_initialize_cw                 text7        00397A
__end_of_initialize_tone_generator     text1        00374A
__end_of_main                          text0        0038E0
__end_of_tone_enable                   text10       0039C4
__initialization                       cinit        0039FE
__mediumconst                          mediumconst  000000
__pbssCOMRAM                           bssCOMRAM    000057
__pcinit                               cinit        0039FE
__pcstackBANK0                         cstackBANK0  000060
__pcstackCOMRAM                        cstackCOMRAM 000001
__psmallconst                          smallconst   002000
__ptext0                               text0        003850
__ptext1                               text1        0035C8
__ptext10                              text10       0039A8
__ptext11                              text11       0038E0
__ptext12                              text12       002012
__ptext13                              text13       0039D6
__ptext14                              text14       0039E4
__ptext15                              text15       00397A
__ptext16                              text16       0039C4
__ptext2                               text2        003414
__ptext3                               text3        00374A
__ptext4                               text4        002C2C
__ptext5                               text5        00307A
__ptext6                               text6        00276C
__ptext7                               text7        003934
__ptext8                               text8        003A08
__ptext9                               text9        0039F2
__ramtop                               ramtop       002000
__size_of___fladd                      (abs)        000000
__size_of___fldiv                      (abs)        000000
__size_of___flmul                      (abs)        000000
__size_of___fltol                      (abs)        000000
__size_of___xxtofl                     (abs)        000000
__size_of_cw                           (abs)        000000
__size_of_cw_message                   (abs)        000000
__size_of_dah                          (abs)        000000
__size_of_dahspace                     (abs)        000000
__size_of_deinitialize_cw              (abs)        000000
__size_of_deinitialize_tone_generator  (abs)        000000
__size_of_dit                          (abs)        000000
__size_of_ditspace                     (abs)        000000
__size_of_initialize_cw                (abs)        000000
__size_of_initialize_tone_generator    (abs)        000000
__size_of_main                         (abs)        000000
__size_of_tone_enable                  (abs)        000000
__smallconst                           smallconst   002000
_cw                                    text12       002012
_cw_message                            text11       0038E0
_dah                                   text14       0039E4
_dahspace                              text15       00397A
_deinitialize_cw                       text9        0039F2
_deinitialize_tone_generator           text8        003A08
_dit                                   text13       0039D6
_dit_length                            bssCOMRAM    000057
_ditspace                              text16       0039C4
_initialize_cw                         text7        003934
_initialize_tone_generator             text1        0035C8
_initialize_tone_generator$1444        cstackBANK0  000060
_main                                  text0        003850
_tone_enable                           text10       0039A8
cw@character                           cstackCOMRAM 000005
cw_message@i                           cstackCOMRAM 00000C
cw_message@message                     cstackCOMRAM 000006
cw_message@message_size                cstackCOMRAM 000008
dahspace@i                             cstackCOMRAM 000001
end_of_initialization                  cinit        003A02
initialize_cw@speed                    cstackCOMRAM 000002
initialize_tone_generator@duty_cycle   cstackBANK0  000068
initialize_tone_generator@duty_cycle_l cstackBANK0  000064
initialize_tone_generator@osc_freq     cstackCOMRAM 00004D
initialize_tone_generator@period_value cstackBANK0  000066
initialize_tone_generator@pwm_freq     cstackCOMRAM 000051
intlevel0                              text         000000
intlevel1                              text         000000
intlevel2                              text         000000
intlevel3                              text         000000
isa$std                                (abs)        000001
isa$xinst                              (abs)        000000
stackhi                                (abs)        001FFF
stacklo                                (abs)        00006A
start                                  init         01FFFC
start_initialization                   cinit        0039FE
tone_enable@tone_active                cstackCOMRAM 000001


MODULE INFORMATION

Module		Function		Class		Link	Load	Size
C:\Program Files\Microchip\xc8\v2.32\pic\sources\c99\common\sprcadd.c
		___fladd       		CODE           	276C	0000	1216

C:\Program Files\Microchip\xc8\v2.32\pic\sources\c99\common\sprcadd.c estimated size: 1216

cw.c
		_ditspace      		CODE           	39C4	0000	18
		_deinitialize_cw		CODE           	39F2	0000	12
		_cw_message    		CODE           	38E0	0000	84
		_dahspace      		CODE           	397A	0000	46
		_dit           		CODE           	39D6	0000	14
		_cw            		CODE           	2012	0000	1882
		_dah           		CODE           	39E4	0000	14
		_initialize_cw 		CODE           	3934	0000	70

cw.c estimated size: 2140

tone_generator.c
		_deinitialize_tone_generator		CODE           	3A08	0000	8
		_initialize_tone_generator		CODE           	35C8	0000	386
		_tone_enable   		CODE           	39A8	0000	28

tone_generator.c estimated size: 422

shared
		__initialization		CODE           	39FE	0000	4

shared estimated size: 4

C:\Program Files\Microchip\xc8\v2.32\pic\sources\c99\common\sprcmul.c
		___flmul       		CODE           	2C2C	0000	1102

C:\Program Files\Microchip\xc8\v2.32\pic\sources\c99\common\sprcmul.c estimated size: 1102

C:\Program Files\Microchip\xc8\v2.32\pic\sources\c99\common\sprcdiv.c
		___fldiv       		CODE           	307A	0000	922

C:\Program Files\Microchip\xc8\v2.32\pic\sources\c99\common\sprcdiv.c estimated size: 922

C:\Program Files\Microchip\xc8\v2.32\pic\sources\c99\common\fltol.c
		___fltol       		CODE           	374A	0000	262

C:\Program Files\Microchip\xc8\v2.32\pic\sources\c99\common\fltol.c estimated size: 262

C:\Program Files\Microchip\xc8\v2.32\pic\sources\c99\common\xxtofl.c
		___xxtofl      		CODE           	3414	0000	436

C:\Program Files\Microchip\xc8\v2.32\pic\sources\c99\common\xxtofl.c estimated size: 436

main.c
		_main          		CODE           	3850	0000	144

main.c estimated size: 144

